============================= test session starts =============================
platform win32 -- Python 3.14.5, pytest-9.1.0, pluggy-1.6.0 -- C:\Users\10996\AppData\Local\Programs\Python\Python314\python.exe
cachedir: .pytest_cache
rootdir: C:\AI_solo_coder_task_A\AI_solo_coder_task_A_083\backend
configfile: pytest.ini
plugins: anyio-4.13.0, asyncio-1.4.0, cov-7.1.0
asyncio: mode=Mode.AUTO, debug=False, asyncio_default_fixture_loop_scope=None, asyncio_default_test_loop_scope=function
collecting ... collected 5 items

tests/test_integration.py::TestQueueReliabilityIntegration::test_async_queue_1000_messages_no_loss PASSED [ 20%]
tests/test_integration.py::TestQueueReliabilityIntegration::test_process_queue_1000_messages_no_loss PASSED [ 40%]
